
Memory Configuration

Name             Origin             Length             Attributes
flash            0x08000000         0x00020000         xr
sram             0x20000000         0x00005000         xrw
*default*        0x00000000         0xffffffff

Linker script and memory map


.text           0x08000000      0x180
 *(.vectors*)
 *(.text*)
 .text          0x08000000       0xc8 main.o
                0x08000000                NMI_Handler
                0x0800000c                H_fault_Handler
                0x08000018                main
 .text          0x080000c8       0xb8 startup.o
                0x080000c8                NMI_Handeler
                0x080000c8                Bus_Handeler
                0x080000c8                Usage_Fault_Handeler
                0x080000c8                MM_fault_Handeler
                0x080000c8                Default_Handeler
                0x080000c8                H_fault_Handeler
                0x080000d4                Reset_Handeler
 *(.rodata)
                0x08000180                _E_TEXT = .

.glue_7         0x08000180        0x0
 .glue_7        0x00000000        0x0 linker stubs

.glue_7t        0x08000180        0x0
 .glue_7t       0x00000000        0x0 linker stubs

.vfp11_veneer   0x08000180        0x0
 .vfp11_veneer  0x00000000        0x0 linker stubs

.v4_bx          0x08000180        0x0
 .v4_bx         0x00000000        0x0 linker stubs

.iplt           0x08000180        0x0
 .iplt          0x00000000        0x0 main.o

.rel.dyn        0x08000180        0x0
 .rel.iplt      0x00000000        0x0 main.o

.data           0x20000000        0x0 load address 0x08000180
                0x20000000                _S_DATA = .
 *(.data)
 .data          0x20000000        0x0 main.o
 .data          0x20000000        0x0 startup.o
                0x20000000                _E_DATA = .

.igot.plt       0x20000000        0x0 load address 0x08000180
 .igot.plt      0x00000000        0x0 main.o

.vector         0x20000000       0x18 load address 0x08000180
 .vector        0x20000000       0x18 startup.o
                0x20000000                vectors

.bss            0x20000018     0x1000 load address 0x08000198
                0x20000018                _S_BSS = .
 *(.bss)
 .bss           0x20000018        0x0 main.o
 .bss           0x20000018        0x0 startup.o
                0x20000018                _E_BSS = .
                0x20001018                . = (. + 0x1000)
 *fill*         0x20000018     0x1000 
                0x20001018                _stack_top = .
LOAD main.o
LOAD startup.o
OUTPUT(learn-in-depth-cortex-m3.elf elf32-littlearm)

.debug_info     0x00000000      0x236
 .debug_info    0x00000000       0xca main.o
 .debug_info    0x000000ca      0x16c startup.o

.debug_abbrev   0x00000000      0x15f
 .debug_abbrev  0x00000000       0x78 main.o
 .debug_abbrev  0x00000078       0xe7 startup.o

.debug_loc      0x00000000       0xf4
 .debug_loc     0x00000000       0x90 main.o
 .debug_loc     0x00000090       0x64 startup.o

.debug_aranges  0x00000000       0x40
 .debug_aranges
                0x00000000       0x20 main.o
 .debug_aranges
                0x00000020       0x20 startup.o

.debug_line     0x00000000      0x14c
 .debug_line    0x00000000       0xa0 main.o
 .debug_line    0x000000a0       0xac startup.o

.debug_str      0x00000000      0x13b
 .debug_str     0x00000000       0xbf main.o
                                 0xf3 (size before relaxing)
 .debug_str     0x000000bf       0x7c startup.o
                                0x14c (size before relaxing)

.comment        0x00000000       0x11
 .comment       0x00000000       0x11 main.o
                                 0x12 (size before relaxing)
 .comment       0x00000000       0x12 startup.o

.ARM.attributes
                0x00000000       0x33
 .ARM.attributes
                0x00000000       0x33 main.o
 .ARM.attributes
                0x00000033       0x33 startup.o

.debug_frame    0x00000000       0xa4
 .debug_frame   0x00000000       0x5c main.o
 .debug_frame   0x0000005c       0x48 startup.o
